// Jest Snapshot v1, https://goo.gl/fbAQLP

exports[`Tests for Cancel Button matches snapshot 1`] = `ShallowWrapper {}`;

exports[`Tests for Cancel Button matches snapshot 2`] = `ShallowWrapper {}`;
