// Jest Snapshot v1, https://goo.gl/fbAQLP

exports[`matches snapshot 1`] = `
<div
  className="MuiPaper-root MuiPaper-elevation0 MuiPaper-rounded"
>
  <div
    className="MuiTableContainer-root"
  >
    <table
      aria-label="simple table"
      className="MuiTable-root makeStyles-table-1"
      role={null}
    >
      <tbody
        className="MuiTableBody-root"
        role={null}
      >
        <tr
          className="MuiTableRow-root"
          role={null}
        >
          <th
            aria-sort={null}
            className="MuiTableCell-root MuiTableCell-body WithStyles(ForwardRef(TableCell))-body-3"
            role="cell"
            scope="row"
          >
            <strong>
              Client Name
            </strong>
          </th>
          <td
            aria-sort={null}
            className="MuiTableCell-root MuiTableCell-body WithStyles(ForwardRef(TableCell))-body-3 MuiTableCell-alignLeft"
          >
            Corporation Name
          </td>
        </tr>
        <tr
          className="MuiTableRow-root"
          role={null}
        >
          <th
            aria-sort={null}
            className="MuiTableCell-root MuiTableCell-body WithStyles(ForwardRef(TableCell))-body-3"
            role="cell"
            scope="row"
          >
            <strong>
              Client Id
            </strong>
          </th>
          <td
            aria-sort={null}
            className="MuiTableCell-root MuiTableCell-body WithStyles(ForwardRef(TableCell))-body-3 MuiTableCell-alignLeft"
          >
            000001
          </td>
        </tr>
      </tbody>
    </table>
  </div>
</div>
`;
